// Jest Snapshot v1, https://goo.gl/fbAQLP

exports[`Pruebas en el archivo FirstApp.test.jsx debe de hacer match con el snapshot 1`] = `
<div>
  <div
    data-testid="test-title"
  >
    Hola, soy Goku
  </div>
  <p>
    No hay subt√≠tulo
  </p>
  <p>
    Fernando Herrera
  </p>
</div>
`;
